../Core/Src/main.c:73:6:HAL_TIM_PeriodElapsedCallback	32	static
../Core/Src/main.c:101:5:main	24	static
../Core/Src/main.c:176:6:SystemClock_Config	88	static
../Core/Src/main.c:222:13:MX_DAC_Init	16	static
../Core/Src/main.c:262:13:MX_I2C1_Init	8	static
../Core/Src/main.c:296:13:MX_SPI1_Init	8	static
../Core/Src/main.c:334:13:MX_TIM2_Init	32	static
../Core/Src/main.c:379:13:MX_TIM4_Init	64	static
../Core/Src/main.c:442:13:MX_TIM6_Init	16	static
../Core/Src/main.c:480:13:MX_GPIO_Init	56	static
../Core/Src/main.c:525:9:SPIx_WriteRead	32	static
../Core/Src/main.c:537:6:ACCELERO_IO_Read	16	static
../Core/Src/main.c:563:6:ACCELERO_Init	16	static
../Core/Src/main.c:589:6:ACCELERO_GetXYZ	32	static
../Core/Src/main.c:605:8:Map	112	static
../Core/Src/main.c:637:6:Error_Handler	4	static,ignoring_inline_asm
